63488K bytes of flash-simulated non-volatile configuration memory.
Base ethernet MAC Address       : 0040.0BD0.757D
Motherboard assembly number     : 73-9832-06
Power supply part number        : 341-0097-02
Motherboard serial number       : FOC103248MJ
Power supply serial number      : DCA102133JA
Model revision number           : B0
Motherboard revision number     : C0
Model number                    : WS-C2960-24TT
System serial number            : FOC1033Z1EY
Top Assembly Part Number        : 800-26671-02
Top Assembly Revision Number    : B0
Version ID                      : V02
CLEI Code Number                : COM3K00BRA
Hardware Board Revision Number  : 0x01


Switch   Ports  Model              SW Version              SW Image
------   -----  -----              ----------              ----------
*    1   26     WS-C2960-24TT      12.2                    C2960-LANBASE-M

Cisco IOS Software, C2960 Software (C2960-LANBASE-M), Version 12.2(25)FX, RELEASE SOFTWARE (fc1)
Copyright (c) 1986-2005 by Cisco Systems, Inc.
Compiled Wed 12-Oct-05 22:05 by pt_team

Press RETURN to get started!


%LINK-5-CHANGED: Interface FastEthernet0/1, changed state to up

%LINEPROTO-5-UPDOWN: Line protocol on Interface FastEthernet0/1, changed state to up


Switch>
Switch>
Switch>
Switch>
Switch>
Switch>
Switch>
Switch>
Switch>
Switch>
Switch>en
Switch>enable 
Switch#confi
Switch#configure 
Configuring from terminal, memory, or network [terminal]? 
Enter configuration commands, one per line.  End with CNTL/Z.
Switch(config)#vtp ?
  domain    Set the name of the VTP administrative domain.
  mode      Configure VTP device mode
  password  Set the password for the VTP administrative domain
  version   Set the adminstrative domain to VTP version
Switch(config)#vtp d
Switch(config)#vtp domain ?
  WORD  The ascii name for the VTP administrative domain.
Switch(config)#int
Switch(config)#interface f0/1
Switch(config-if)#sw
Switch(config-if)#switchport m
Switch(config-if)#switchport mode ?
  access   Set trunking mode to ACCESS unconditionally
  dynamic  Set trunking mode to dynamically negotiate access or trunk mode
  trunk    Set trunking mode to TRUNK unconditionally
Switch(config-if)#switchport mode a
Switch(config-if)#switchport mode access 
Switch(config-if)#sw
Switch(config-if)#switchport mo
Switch(config-if)#switchport mode t
Switch(config-if)#switchport mode trunk 

Switch(config-if)#
%LINEPROTO-5-UPDOWN: Line protocol on Interface FastEthernet0/1, changed state to down

%LINEPROTO-5-UPDOWN: Line protocol on Interface FastEthernet0/1, changed state to up

Switch(config-if)#
Switch(config-if)#
Switch(config-if)#
Switch(config-if)#
Switch(config-if)#
Switch(config-if)#
Switch(config-if)#
Switch(config-if)#e
Switch(config-if)#exit 
Switch(config)#
Switch(config)#
Switch(config)#
Switch(config)#spa
Switch(config)#spanning-tree 
% Incomplete command.
Switch(config)#spanning-tree ?
  mode      Spanning tree operating mode
  portfast  Spanning tree portfast options
  vlan      VLAN Switch Spanning Tree
Switch(config)#vt
Switch(config)#vtp d
Switch(config)#vtp domain ?
  WORD  The ascii name for the VTP administrative domain.
Switch(config)#vtp domain jetking
Changing VTP domain name from NULL to jetking
Switch(config)#^Z
Switch#
%SYS-5-CONFIG_I: Configured from console by console

Switch#
Switch#
Switch#
Switch#
Switch#
Switch#
Switch#
Switch#sh v
Switch#sh vt
Switch#sh vtp st
Switch#sh vtp status 
VTP Version                     : 2
Configuration Revision          : 0
Maximum VLANs supported locally : 255
Number of existing VLANs        : 5
VTP Operating Mode              : Server
VTP Domain Name                 : jetking
VTP Pruning Mode                : Disabled
VTP V2 Mode                     : Disabled
VTP Traps Generation            : Disabled
MD5 digest                      : 0x96 0xDB 0xDC 0x3A 0xBC 0x50 0x09 0x65 
Configuration last modified by 0.0.0.0 at 0-0-00 00:00:00
Local updater ID is 0.0.0.0 (no valid interface found)
Switch#confi
Switch#configure 
Configuring from terminal, memory,
 or network [terminal]? 
Enter configuration commands, one per line.  End with CNTL/Z.
Switch(config)#
Switch(config)#
Switch(config)#
Switch(config)#
Switch(config)#
Switch(config)#vl
Switch(config)#vlan 2
Switch(config-vlan)#sa
Switch(config-vlan)#name sales
Switch(config-vlan)#^Z
Switch#
%SYS-5-CONFIG_I: Configured from console by console

Switch#
Switch#
Switch#
Switch#
Switch#
Switch#sh vl
Switch#sh vlan 

VLAN Name                             Status    Ports
---- -------------------------------- --------- -------------------------------
1    default                          active    Fa0/2, Fa0/3, Fa0/4, Fa0/5
                                                Fa0/6, Fa0/7, Fa0/8, Fa0/9
                                                Fa0/10, Fa0/11, Fa0/12, Fa0/13
                                                Fa0/14, Fa0/15, Fa0/16, Fa0/17
                                                Fa0/18, Fa0/19, Fa0/20, Fa0/21
                                                Fa0/22, Fa0/23, Fa0/24, Gig1/1
                                                Gig1/2
2    sales                            active    
1002 fddi-default                     act/unsup 
1003 token-ring-default               act/unsup 
1004 fddinet-default                  act/unsup 
1005 trnet-default                    act/unsup 

VLAN Type  SAID       MTU   Parent RingNo BridgeNo Stp  BrdgMode Trans1 Trans2
---- ----- ---------- ----- ------ ------ -------- ---- -------- ------ ------
1    enet  100001     1500  -      -      -        -    -        0      0
2    enet  100002     1500  -      -      -        -    -        0      0
1002 fddi  101002     1500  -      -      -        -    -        0      0   
1003 tr    101003     1500  -      -      -        -    -        0      0   
1004 fdnet 101004     1500  -      -      -        ieee -        0      0   
1005 trnet 101005     1500  -      -      -        ibm  -        0      0   

Remote SPAN VLANs
------------------------------------------------------------------------------


Primary Secondary Type              Ports
------- --------- ----------------- ------------------------------------------
Switch#
Switch#
Switch#
Switch#
Switch#
Switch#
Switch#
Switch#
Switch#
Switch#wr
Building configuration...
[OK]
Switch#