//-port security is the funcation in which the other user can  not access the network with out the permisiion ......



%LINEPROTO-5-UPDOWN: Line protocol on Interface FastEthernet0/1, changed state to up

%LINK-5-CHANGED: Interface FastEthernet0/2, changed state to up

%LINEPROTO-5-UPDOWN: Line protocol on Interface FastEthernet0/2, changed state to up


Switch>
Switch>
Switch>en
Switch#
Switch#con
% Ambiguous command: "con"
Switch#
Switch#conf
Switch#configure 
Configuring from terminal, memory, or network [terminal]? 
Enter configuration commands, one per line.  End with CNTL/Z.
Switch(config)#
Switch(config)#
Switch(config)#int
Switch(config)#interface f
Switch(config)#interface fastEthernet 0/1
Switch(config-if)#swit
Switch(config-if)#switchport p
Switch(config-if)#switchport mo
Switch(config-if)#switchport mode ac
Switch(config-if)#switchport mode access 
Switch(config-if)#switchport po
Switch(config-if)#switchport port-security 
Switch(config-if)#?
  cdp               Global CDP configuration subcommands
  channel-group     Etherchannel/port bundling configuration
  channel-protocol  Select the channel protocol (LACP, PAgP)
  description       Interface specific description
  duplex            Configure duplex operation.
  exit              Exit from interface configuration mode
  mac-address       Manually set interface MAC address
  mdix              Set Media Dependent Interface with Crossover
  mls               mls interface commands
  no                Negate a command or set its defaults
  shutdown          Shutdown the selected interface
  spanning-tree     Spanning Tree Subsystem
  speed             Configure speed operation.
  storm-control     storm configuration
  switchport        Set switching mode characteristics
  tx-ring-limit     Configure PA level transmit ring limit
Switch(config-if)#mac
Switch(config-if)#mac-address ?
  H.H.H  MAC address
Switch(config-if)#mac-address maxi
Switch(config-if)#mac-address maximum 1
                              ^
% Invalid input detected at '^' marker.
	
Switch(config-if)#switchport port-security max
Switch(config-if)#switchport port-security maximum 1
Switch(config-if)#switchport port-security mac
Switch(config-if)#switchport port-security mac-address s
Switch(config-if)#switchport port-security mac-address sticky 
Switch(config-if)#switchport port-security ?
  mac-address  Secure mac address
  maximum      Max secure addresses
  violation    Security violation mode
  <cr>
Switch(config-if)#switchport port-security vio
Switch(config-if)#switchport port-security violation 
% Incomplete command.
Switch(config-if)#
Switch(config-if)#switchport port-security violation ?
  protect   Security violation protect mode
  restrict  Security violation restrict mode
  shutdown  Security violation shutdown mode
Switch(config-if)#switchport port-security violation sh
Switch(config-if)#switchport port-security violation shutdown 
Switch(config-if)#^Z
Switch#
%SYS-5-CONFIG_I: Configured from console by console

Switch#
Switch#
Switch#int
Switch#confi
Switch#configure 
Configuring from terminal, memory, or network [terminal]? 
Enter configuration commands, one per line.  End with CNTL/Z.
Switch(config)#int
Switch(config)#interface f
Switch(config)#interface fastEthernet 0/2
Switch(config)#interface fastEthernet 0/2
Switch(config-if)#swi
Switch(config-if)#switchport mo
Switch(config-if)#switchport mode ac
Switch(config-if)#switchport mode access 
Switch(config-if)#switchport p
Switch(config-if)#switchport port
Switch(config-if)#switchport port-security 
Switch(config-if)#switchport port-security ?
  mac-address  Secure mac address
  maximum      Max secure addresses
  violation    Security violation mode
  <cr>
Switch(config-if)#switchport port-security ma
Switch(config-if)#switchport port-security mac
Switch(config-if)#switchport port-security mac-address maxi
Switch(config-if)#switchport port-security mac-address maximum
Switch(config-if)#switchport port-security mac-address maximum 1
                                                       ^
% Invalid input detected at '^' marker.
	
Switch(config-if)#switchport port-security mac-address 
% Incomplete command.
Switch(config-if)#switchport port-security max
Switch(config-if)#switchport port-security maximum 1
Switch(config-if)#switchport port-security mac
Switch(config-if)#switchport port-security mac-address 
% Incomplete command.
Switch(config-if)#switchport port-security mac-address st
Switch(config-if)#switchport port-security mac-address sticky 
Switch(config-if)#switch
Switch(config-if)#switchport s
Switch(config-if)#switchport sec
Switch(config-if)#switchport ?
  access         Set access mode characteristics of the interface
  mode           Set trunking mode of the interface
  native         Set trunking native characteristics when interface is in
                 trunking mode
  nonegotiate    Device will not engage in negotiation protocol on this
                 interface
  port-security  Security related command
  priority       Set appliance 802.1p priority
  trunk          Set trunking characteristics of the interface
  voice          Voice appliance attributes
Switch(config-if)#switchport por
Switch(config-if)#switchport port-security 
Switch(config-if)#switchport port-security ?
  mac-address  Secure mac address
  maximum      Max secure addresses
  violation    Security violation mode
  <cr>
Switch(config-if)#switchport port-security vi
Switch(config-if)#switchport port-security violation 
% Incomplete command.
Switch(config-if)#
Switch(config-if)#switchport port-security violation sh
Switch(config-if)#switchport port-security violation shutdown 
Switch(config-if)#
Switch(config-if)#
Switch(config-if)#
Switch(config-if)#
Switch(config-if)#exit
Switch(config)#interface FastEthernet0/1
Switch(config-if)#
%LINK-5-CHANGED: Interface FastEthernet0/3, changed state to up

%LINEPROTO-5-UPDOWN: Line protocol on Interface FastEthernet0/3, changed state to up

%LINK-5-CHANGED: Interface FastEthernet0/3, changed state to down

%LINEPROTO-5-UPDOWN: Line protocol on Interface FastEthernet0/3, changed state to down

%LINK-5-CHANGED: Interface FastEthernet0/1, changed state to down

%LINEPROTO-5-UPDOWN: Line protocol on Interface FastEthernet0/1, changed state to down

%LINK-5-CHANGED: Interface FastEthernet0/1, changed state to up

%LINEPROTO-5-UPDOWN: Line protocol on Interface FastEthernet0/1, changed state to up

Switch(config-if)#
Switch(config-if)#
Switch(config-if)#
Switch(config-if)#^Z
Switch#
%SYS-5-CONFIG_I: Configured from console by console

Switch#
Switch#
Switch#
Switch#
%LINK-5-CHANGED: Interface FastEthernet0/1, changed state to administratively down

%LINEPROTO-5-UPDOWN: Line protocol on Interface FastEthernet0/1, changed state to down

Switch#
Switch#
Switch#
Switch#wr
Building configuration...
[OK]
Switch#
Switch#
Switch#
Switch#
Switch#
Switch#
Switch#
Switch#
Switch#
Switch#