Router(config)#
Router(config)#
Router(config)#
Router(config)#cr
Router(config)#crypto is
Router(config)#crypto isakmp k
Router(config)#crypto isakmp key cisco123 add
Router(config)#crypto isakmp key cisco123 address 20.0.0.1
Router(config)#cr
Router(config)#crypto i
Router(config)#crypto i
Router(config)#crypto ip
Router(config)#crypto ipsec r
Router(config)#crypto ipsec tr
Router(config)#crypto ipsec transform-set 50 es
Router(config)#crypto ipsec transform-set 50 es
Router(config)#crypto ipsec transform-set 50 esp
Router(config)#crypto ipsec transform-set 50 esp-aes
Router(config)#crypto ipsec transform-set 50 ?
  ah-md5-hmac   AH-HMAC-MD5 transform
  ah-sha-hmac   AH-HMAC-SHA transform
  esp-3des      ESP transform using 3DES(EDE) cipher (168 bits)
  esp-aes       ESP transform using AES cipher
  esp-des       ESP transform using DES cipher (56 bits)
  esp-md5-hmac  ESP transform using HMAC-MD5 auth
  esp-sha-hmac  ESP transform using HMAC-SHA auth
Router(config)#crypto ipsec transform-set 50 es
Router(config)#crypto ipsec transform-set 50 esp-aes 256 ?
  esp-md5-hmac  ESP transform using HMAC-MD5 auth
  esp-sha-hmac  ESP transform using HMAC-SHA auth
  <cr>
Router(config)#crypto ipsec transform-set 50 esp-aes 256 es
Router(config)#crypto ipsec transform-set 50 esp-aes 256 esps
Router(config)#crypto ipsec transform-set 50 esp-aes 256 esp-sh
Router(config)#crypto ipsec transform-set 50 esp-aes 256 esp-sha-hmac 
Router(config)#ex
Router(config)#exit 
Router#
%SYS-5-CONFIG_I: Configured from console by console
 
Router#
Router#
Router#
Router#confi
Router#configure 
Configuring from terminal, memory, or network [terminal]? 
Enter configuration commands, one per line.  End with CNTL/Z.
Router(config)#
Router(config)#
Router(config)#
Router(config)#
Router(config)#cr
Router(config)#crypto i
Router(config)#crypto ip
Router(config)#crypto ipsec se
Router(config)#crypto ipsec security-association li
Router(config)#crypto ipsec security-association lifetime se
Router(config)#crypto ipsec security-association lifetime seconds 1800
Router(config)#i
Router(config)#ip
Router(config)#ip
Router(config)#cr ip
Router(config)#cr ipsec se
Router(config)#cr ipsec security-association 








Router con0 is now available






Press RETURN to get started.













Router>
Router>
Router>
Router>
Router>
Router>
Router>en
Router>enable 
Router#conf
Router#configure 
Configuring from terminal, memory, or network [terminal]? 
Enter configuration commands, one per line.  End with CNTL/Z.
Router(config)#
Router(config)#
Router(config)#
Router(config)#ac
Router(config)#access-list 101 p
Router(config)#access-list 101 permit ip 
Router(config)#access-list 101 permit ip 40.0.0.0 0.255.255.255 10.0.0.0 0.255.255.255
Router(config)#








Router con0 is now available






Press RETURN to get started.













Router>
Router>
Router>
Router>en
Router>enable 
Router#con
Router#conf
Router#configure 
Configuring from terminal, memory, or network [terminal]? 
Enter configuration commands, one per line.  End with CNTL/Z.
Router(config)#
Router(config)#
Router(config)#cr
Router(config)#crypto m
Router(config)#crypto map cm
Router(config)#crypto map cmap 10
Could not find a crypto map entry cmap 10 to modify
Router(config)#crypto map cmap 10 ip
Router(config)#crypto map cmap 10 ipsec-isakmp 
% NOTE: This new crypto map will remain disabled until a peer
        and a valid access list have been configured.
Router(config-crypto-map)#se
Router(config-crypto-map)#ma
Router(config-crypto-map)#match ad
Router(config-crypto-map)#match address 101
Router(config-crypto-map)#se
Router(config-crypto-map)#set pee
Router(config-crypto-map)#set peer 20.0.0.1
Router(config-crypto-map)#se
Router(config-crypto-map)#set pfs g
Router(config-crypto-map)#set pfs g
Router(config-crypto-map)#set pfs group1
Router(config-crypto-map)#se
Router(config-crypto-map)#set se
Router(config-crypto-map)#set security-association l
Router(config-crypto-map)#set security-association lifetime se
Router(config-crypto-map)#set security-association lifetime seconds 900
Router(config-crypto-map)#se
Router(config-crypto-map)#set e
Router(config-crypto-map)#set t
Router(config-crypto-map)#set transform-set 50
Router(config-crypto-map)#ex
Router(config-crypto-map)#exit 
Router(config)#
Router(config)#
Router(config)#
Router(config)#
Router(config)#int s0/0/1
Router(config-if)#cr
Router(config-if)#crypto ma
Router(config-if)#crypto map cm
Router(config-if)#crypto map cmap
*Jan  3 07:16:26.785: %CRYPTO-6-ISAKMP_ON_OFF: ISAKMP is ON
Router(config-if)#^Z
Router#
%SYS-5-CONFIG_I: Configured from console by console

Router#
Router#
Router#
Router#sh cr
Router#sh crypto ip
Router#sh crypto ipsec tr
Router#sh crypto ipsec transform-set 
Transform set 50: {    { esp-256-aes esp-sha-hmac  }
   will negotiate = { Tunnel,  },


Router#sh cr
Router#sh crypto m
Router#sh crypto map 
Crypto Map cmap 10 ipsec-isakmp
        Peer = 30.0.0.2
        Extended IP access list 101
            access-list 101 permit ip 10.0.0.0 0.255.255.255 40.0.0.0 0.255.255.255
        Current peer: 30.0.0.2
        Security association lifetime: 4608000 kilobytes/900 seconds
        PFS (Y/N): Y
        Transform sets={
                50,
        }
        Interfaces using crypto map cmap:
                Serial0/0/1

Router#sh cr
Router#sh crypto is
Router#sh crypto isakmp s
Router#sh crypto isakmp sa 
IPv4 Crypto ISAKMP SA
dst             src             state          conn-id slot status

IPv6 Crypto ISAKMP SA

Router#sh cr
Router#sh crypto ip
% Incomplete command.
Router#sh crypto ip ?
  sa             IPSEC SA table
  transform-set  Crypto transform sets
Router#sh crypto ip sa

interface: Serial0/0/1
    Crypto map tag: cmap, local addr 0.0.0.0

   protected vrf: (none)
   local  ident (addr/mask/prot/port): (10.0.0.0/255.0.0.0/0/0)
   remote  ident (addr/mask/prot/port): (40.0.0.0/255.0.0.0/0/0)
   current_peer 30.0.0.2 port 500
    PERMIT, flags={origin_is_acl,}
   #pkts encaps: 0, #pkts encrypt: 0, #pkts digest: 0
   #pkts decaps: 0, #pkts decrypt: 0, #pkts verify: 0
   #pkts compressed: 0, #pkts decompressed: 0
   #pkts not compressed: 0, #pkts compr. failed: 0
   #pkts not decompressed: 0, #pkts decompress failed: 0
   #send errors 0, #recv errors 0

     local crypto endpt.: 0.0.0.0, remote crypto endpt.:30.0.0.2
     path mtu 1500, ip mtu 1500, ip mtu idb Serial0/0/1
     current outbound spi: 0x0(0)

     inbound esp sas:

     inbound ah sas:

     inbound pcp sas:

     outbound esp sas:

     outbound ah sas:

     outbound pcp sas: