
Router(config)#
Router(config)#
Router(config)#
Router(config)#
Router(config)#
Router(config)#
Router(config)#
Router(config)#
Router(config)#
Router(config)#int tun
Router(config)#int tunnel 0

Router(config-if)#
%LINK-5-CHANGED: Interface Tunnel0, changed state to up

Router(config-if)#
Router(config-if)#ip 
Router(config-if)#ip address 100.0.0.1 255.255.255.0
Router(config-if)#sou
Router(config-if)#sour
Router(config-if)#?
  exit      Exit from interface configuration mode
  ip        Interface Internet Protocol config commands
  ipv6      IPv6 interface subcommands
  no        Negate a command or set its defaults
  shutdown  Shutdown the selected interface
  tunnel    protocol-over-protocol tunneling
Router(config-if)#tun
Router(config-if)#tunnel sou
Router(config-if)#tunnel source 10.0.0.1
                                ^
% Invalid input detected at '^' marker.
	
Router(config-if)#tunnel source 10.0.0.1 ?
% Unrecognized command
Router(config-if)#tunnel source ?
  Ethernet         IEEE 802.3
  FastEthernet     FastEthernet IEEE 802.3
  GigabitEthernet  GigabitEthernet IEEE 802.3z
  Loopback         Loopback interface
  Serial           Serial
Router(config-if)#tunnel source se
Router(config-if)#tunnel source serial 0/3/0 ?
  <cr>
Router(config-if)#tunnel source serial 0/3/0 
Router(config-if)#tunnel desti
Router(config-if)#tunnel destination ?
  A.B.C.D  ip address
Router(config-if)#tunnel destination 192.168.1.2 ?
  <cr>
Router(config-if)#tunnel destination 192.168.1.2 
Router(config-if)#
%LINEPROTO-5-UPDOWN: Line protocol on Interface Tunnel0, changed state to up

Router(config-if)#
Router(config-if)#
Router(config-if)#
Router(config-if)#exit
Router(config)#
Router(config)#
Router(config)#
Router(config)#